// Jest Snapshot v1, https://goo.gl/fbAQLP

exports[`CustomLink component Should contain text node 1`] = `
<li>
  <a
    href="/home"
  >
    Главная
  </a>
</li>
`;
